Archive member included to satisfy reference by file (symbol)

c:/program files (x86)/atmel/studio/7.0/toolchain/avr8/avr8-gnu-toolchain/bin/../lib/gcc/avr/5.4.0/../../../../avr/lib/avr5\libm.a(addsf3.o)
                              HAL_BMP280/bmp2.o (__subsf3)
c:/program files (x86)/atmel/studio/7.0/toolchain/avr8/avr8-gnu-toolchain/bin/../lib/gcc/avr/5.4.0/../../../../avr/lib/avr5\libm.a(addsf3x.o)
                              c:/program files (x86)/atmel/studio/7.0/toolchain/avr8/avr8-gnu-toolchain/bin/../lib/gcc/avr/5.4.0/../../../../avr/lib/avr5\libm.a(addsf3.o) (__addsf3x)
c:/program files (x86)/atmel/studio/7.0/toolchain/avr8/avr8-gnu-toolchain/bin/../lib/gcc/avr/5.4.0/../../../../avr/lib/avr5\libm.a(cmpsf2.o)
                              HAL_BMP280/app_BMP280.o (__ltsf2)
c:/program files (x86)/atmel/studio/7.0/toolchain/avr8/avr8-gnu-toolchain/bin/../lib/gcc/avr/5.4.0/../../../../avr/lib/avr5\libm.a(divsf3.o)
                              HAL_BMP280/bmp2.o (__divsf3)
c:/program files (x86)/atmel/studio/7.0/toolchain/avr8/avr8-gnu-toolchain/bin/../lib/gcc/avr/5.4.0/../../../../avr/lib/avr5\libm.a(divsf3x.o)
                              c:/program files (x86)/atmel/studio/7.0/toolchain/avr8/avr8-gnu-toolchain/bin/../lib/gcc/avr/5.4.0/../../../../avr/lib/avr5\libm.a(divsf3.o) (__divsf3x)
c:/program files (x86)/atmel/studio/7.0/toolchain/avr8/avr8-gnu-toolchain/bin/../lib/gcc/avr/5.4.0/../../../../avr/lib/avr5\libm.a(fixsfsi.o)
                              HAL_BMP280/bmp2.o (__fixsfsi)
c:/program files (x86)/atmel/studio/7.0/toolchain/avr8/avr8-gnu-toolchain/bin/../lib/gcc/avr/5.4.0/../../../../avr/lib/avr5\libm.a(fixunssfsi.o)
                              c:/program files (x86)/atmel/studio/7.0/toolchain/avr8/avr8-gnu-toolchain/bin/../lib/gcc/avr/5.4.0/../../../../avr/lib/avr5\libm.a(fixsfsi.o) (__fixunssfsi)
c:/program files (x86)/atmel/studio/7.0/toolchain/avr8/avr8-gnu-toolchain/bin/../lib/gcc/avr/5.4.0/../../../../avr/lib/avr5\libm.a(floatsisf.o)
                              HAL_BMP280/app_BMP280.o (__floatunsisf)
c:/program files (x86)/atmel/studio/7.0/toolchain/avr8/avr8-gnu-toolchain/bin/../lib/gcc/avr/5.4.0/../../../../avr/lib/avr5\libm.a(fp_cmp.o)
                              c:/program files (x86)/atmel/studio/7.0/toolchain/avr8/avr8-gnu-toolchain/bin/../lib/gcc/avr/5.4.0/../../../../avr/lib/avr5\libm.a(cmpsf2.o) (__fp_cmp)
c:/program files (x86)/atmel/studio/7.0/toolchain/avr8/avr8-gnu-toolchain/bin/../lib/gcc/avr/5.4.0/../../../../avr/lib/avr5\libm.a(fp_inf.o)
                              c:/program files (x86)/atmel/studio/7.0/toolchain/avr8/avr8-gnu-toolchain/bin/../lib/gcc/avr/5.4.0/../../../../avr/lib/avr5\libm.a(addsf3x.o) (__fp_inf)
c:/program files (x86)/atmel/studio/7.0/toolchain/avr8/avr8-gnu-toolchain/bin/../lib/gcc/avr/5.4.0/../../../../avr/lib/avr5\libm.a(fp_nan.o)
                              c:/program files (x86)/atmel/studio/7.0/toolchain/avr8/avr8-gnu-toolchain/bin/../lib/gcc/avr/5.4.0/../../../../avr/lib/avr5\libm.a(addsf3x.o) (__fp_nan)
c:/program files (x86)/atmel/studio/7.0/toolchain/avr8/avr8-gnu-toolchain/bin/../lib/gcc/avr/5.4.0/../../../../avr/lib/avr5\libm.a(fp_pscA.o)
                              c:/program files (x86)/atmel/studio/7.0/toolchain/avr8/avr8-gnu-toolchain/bin/../lib/gcc/avr/5.4.0/../../../../avr/lib/avr5\libm.a(addsf3x.o) (__fp_pscA)
c:/program files (x86)/atmel/studio/7.0/toolchain/avr8/avr8-gnu-toolchain/bin/../lib/gcc/avr/5.4.0/../../../../avr/lib/avr5\libm.a(fp_pscB.o)
                              c:/program files (x86)/atmel/studio/7.0/toolchain/avr8/avr8-gnu-toolchain/bin/../lib/gcc/avr/5.4.0/../../../../avr/lib/avr5\libm.a(addsf3x.o) (__fp_pscB)
c:/program files (x86)/atmel/studio/7.0/toolchain/avr8/avr8-gnu-toolchain/bin/../lib/gcc/avr/5.4.0/../../../../avr/lib/avr5\libm.a(fp_round.o)
                              c:/program files (x86)/atmel/studio/7.0/toolchain/avr8/avr8-gnu-toolchain/bin/../lib/gcc/avr/5.4.0/../../../../avr/lib/avr5\libm.a(addsf3.o) (__fp_round)
c:/program files (x86)/atmel/studio/7.0/toolchain/avr8/avr8-gnu-toolchain/bin/../lib/gcc/avr/5.4.0/../../../../avr/lib/avr5\libm.a(fp_split3.o)
                              c:/program files (x86)/atmel/studio/7.0/toolchain/avr8/avr8-gnu-toolchain/bin/../lib/gcc/avr/5.4.0/../../../../avr/lib/avr5\libm.a(addsf3x.o) (__fp_split3)
c:/program files (x86)/atmel/studio/7.0/toolchain/avr8/avr8-gnu-toolchain/bin/../lib/gcc/avr/5.4.0/../../../../avr/lib/avr5\libm.a(fp_zero.o)
                              c:/program files (x86)/atmel/studio/7.0/toolchain/avr8/avr8-gnu-toolchain/bin/../lib/gcc/avr/5.4.0/../../../../avr/lib/avr5\libm.a(addsf3x.o) (__fp_zero)
c:/program files (x86)/atmel/studio/7.0/toolchain/avr8/avr8-gnu-toolchain/bin/../lib/gcc/avr/5.4.0/../../../../avr/lib/avr5\libm.a(gesf2.o)
                              HAL_BMP280/bmp2.o (__gtsf2)
[...]
Memory Configuration

Name             Origin             Length             Attributes
text             0x00000000         0x00020000         xr
data             0x00800060         0x0000ffa0         rw !x
eeprom           0x00810000         0x00010000         rw !x
fuse             0x00820000         0x00000003         rw !x
lock             0x00830000         0x00000400         rw !x
signature        0x00840000         0x00000400         rw !x
user_signatures  0x00850000         0x00000400         rw !x
*default*        0x00000000         0xffffffff

Linker script and memory map

Address of section .data set to 0x800100
LOAD C:/Program Files (x86)/Atmel/Studio/7.0/Packs/atmel/ATmega_DFP/1.3.300/gcc/dev/atmega328pb/avr5/crtatmega328pb.o
LOAD Buffer.o
LOAD ESP8266_ATCOMMANDS/AT_commands_ESP8266.o
LOAD HAL_AVR/I2C.o
LOAD HAL_AVR/SPI.o
LOAD HAL_AVR/TC1.o
LOAD HAL_AVR/UART.o
LOAD HAL_BMP280/app_BMP280.o
LOAD HAL_BMP280/bmp2.o
LOAD HAL_BMP280/HAL_BMP280.o
LOAD HAL_LCD/SSD1306.o
LOAD HAL_PLC/HAL_GPIO.o
LOAD HAL_PLC/HAL_Init.o
LOAD main.o
LOAD statemachine.o
START GROUP
LOAD c:/program files (x86)/atmel/studio/7.0/toolchain/avr8/avr8-gnu-toolchain/bin/../lib/gcc/avr/5.4.0/../../../../avr/lib/avr5\libm.a
END GROUP
LOAD c:/program files (x86)/atmel/studio/7.0/toolchain/avr8/avr8-gnu-toolchain/bin/../lib/gcc/avr/5.4.0/../../../../avr/lib/avr5\libprintf_flt.a
START GROUP
LOAD c:/program files (x86)/atmel/studio/7.0/toolchain/avr8/avr8-gnu-toolchain/bin/../lib/gcc/avr/5.4.0/avr5\libgcc.a
LOAD c:/program files (x86)/atmel/studio/7.0/toolchain/avr8/avr8-gnu-toolchain/bin/../lib/gcc/avr/5.4.0/../../../../avr/lib/avr5\libm.a
LOAD c:/program files (x86)/atmel/studio/7.0/toolchain/avr8/avr8-gnu-toolchain/bin/../lib/gcc/avr/5.4.0/../../../../avr/lib/avr5\libc.a
LOAD C:/Program Files (x86)/Atmel/Studio/7.0/Packs/atmel/ATmega_DFP/1.3.300/gcc/dev/atmega328pb/avr5\libatmega328pb.a
END GROUP
                0x00000000                __TEXT_REGION_ORIGIN__ = DEFINED (__TEXT_REGION_ORIGIN__)?__TEXT_REGION_ORIGIN__:0x0
                0x00800060                __DATA_REGION_ORIGIN__ = DEFINED (__DATA_REGION_ORIGIN__)?__DATA_REGION_ORIGIN__:0x800060
                0x00020000                __TEXT_REGION_LENGTH__ = DEFINED (__TEXT_REGION_LENGTH__)?__TEXT_REGION_LENGTH__:0x20000
                0x0000ffa0                __DATA_REGION_LENGTH__ = DEFINED (__DATA_REGION_LENGTH__)?__DATA_REGION_LENGTH__:0xffa0
                0x00010000                __EEPROM_REGION_LENGTH__ = DEFINED (__EEPROM_REGION_LENGTH__)?__EEPROM_REGION_LENGTH__:0x10000
                [0x00000003]                __FUSE_REGION_LENGTH__ = DEFINED (__FUSE_REGION_LENGTH__)?__FUSE_REGION_LENGTH__:0x400
                0x00000400                __LOCK_REGION_LENGTH__ = DEFINED (__LOCK_REGION_LENGTH__)?__LOCK_REGION_LENGTH__:0x400
                0x00000400                __SIGNATURE_REGION_LENGTH__ = DEFINED (__SIGNATURE_REGION_LENGTH__)?__SIGNATURE_REGION_LENGTH__:0x400
                0x00000400                __USER_SIGNATURE_REGION_LENGTH__ = DEFINED (__USER_SIGNATURE_REGION_LENGTH__)?__USER_SIGNATURE_REGION_LENGTH__:0x400

.hash
 *(.hash)

.dynsym
 *(.dynsym)

.dynstr
 *(.dynstr)

.gnu.version
 *(.gnu.version)

.gnu.version_d
 *(.gnu.version_d)

.gnu.version_r
 *(.gnu.version_r)

.rel.init
 *(.rel.init)

.rela.init
 *(.rela.init)

.rel.text
 *(.rel.text)
 *(.rel.text.*)
 *(.rel.gnu.linkonce.t*)

.rela.text
 *(.rela.text)
 *(.rela.text.*)
 *(.rela.gnu.linkonce.t*)

.rel.fini
 *(.rel.fini)

.rela.fini
 *(.rela.fini)

.rel.rodata
 *(.rel.rodata)
 *(.rel.rodata.*)
 *(.rel.gnu.linkonce.r*)

.rela.rodata
 *(.rela.rodata)
 *(.rela.rodata.*)
 *(.rela.gnu.linkonce.r*)

.rel.data
 *(.rel.data)
 *(.rel.data.*)
 *(.rel.gnu.linkonce.d*)

.rela.data
 *(.rela.data)
 *(.rela.data.*)
 *(.rela.gnu.linkonce.d*)

.rel.ctors
 *(.rel.ctors)

.rela.ctors
 *(.rela.ctors)

.rel.dtors
 *(.rel.dtors)

.rela.dtors
 *(.rela.dtors)

.rel.got
 *(.rel.got)

.rela.got
 *(.rela.got)

.rel.bss
 *(.rel.bss)

.rela.bss
 *(.rela.bss)

.rel.plt
 *(.rel.plt)

.rela.plt
 *(.rela.plt)

.text           0x00000000     0x4914
 *(.vectors)
 .vectors       0x00000000       0xb4 C:/Program Files (x86)/Atmel/Studio/7.0/Packs/atmel/ATmega_DFP/1.3.300/gcc/dev/atmega328pb/avr5/crtatmega328pb.o
                0x00000000                __vector_default
                0x00000000                __vectors
 *(.vectors)
 *(.progmem.gcc*)
 .progmem.gcc_sw_table.AT_statemachine
                0x000000b4        0xe statemachine.o
                0x000000c2                . = ALIGN (0x2)
                0x000000c2                __trampolines_start = .
 *(.trampolines)
 .trampolines   0x000000c2        0x0 linker stubs
 *(.trampolines*)
                0x000000c2                __trampolines_end = .
 *libprintf_flt.a:*(.progmem.data)
 .progmem.data  0x000000c2        0x8 c:/program files (x86)/atmel/studio/7.0/toolchain/avr8/avr8-gnu-toolchain/bin/../lib/gcc/avr/5.4.0/../../../../avr/lib/avr5\libprintf_flt.a(vfprintf_flt.o)
 *libc.a:*(.progmem.data)
 .progmem.data  0x000000ca       0xfa c:/program files (x86)/atmel/studio/7.0/toolchain/avr8/avr8-gnu-toolchain/bin/../lib/gcc/avr/5.4.0/../../../../avr/lib/avr5\libc.a(ftoa_engine.o)
 *(.progmem*)
 .progmem.data.g_Font3
                0x000001c4       0xc3 HAL_LCD/SSD1306.o
                0x000001c4                g_Font3
 .progmem.data.g_Font5
                0x00000287      0x1e5 HAL_LCD/SSD1306.o
                0x00000287                g_Font5
 .progmem.data.g_Font7
                0x0000046c      0x2a7 HAL_LCD/SSD1306.o
                0x0000046c                g_Font7
                0x00000714                . = ALIGN (0x2)
 *fill*         0x00000713        0x1 
 *(.jumptables)
 *(.jumptables*)
 *(.lowtext)
 *(.lowtext*)
                0x00000714                __ctors_start = .
 *(.ctors)
                0x00000714                __ctors_end = .
                0x00000714                __dtors_start = .
 *(.dtors)
                0x00000714                __dtors_end = .
 SORT(*)(.ctors)
 SORT(*)(.dtors)
 *(.init0)
 .init0         0x00000714        0x0 C:/Program Files (x86)/Atmel/Studio/7.0/Packs/atmel/ATmega_DFP/1.3.300/gcc/dev/atmega328pb/avr5/crtatmega328pb.o
                0x00000714                __init
 *(.init0)
 *(.init1)
 *(.init1)
 *(.init2)
 .init2         0x00000714        0xc C:/Program Files (x86)/Atmel/Studio/7.0/Packs/atmel/ATmega_DFP/1.3.300/gcc/dev/atmega328pb/avr5/crtatmega328pb.o
 *(.init2)
 *(.init3)
 *(.init3)
 *(.init4)
 .init4         0x00000720       0x16 c:/program files (x86)/atmel/studio/7.0/toolchain/avr8/avr8-gnu-toolchain/bin/../lib/gcc/avr/5.4.0/avr5\libgcc.a(_copy_data.o)
                0x00000720                __do_copy_data
 .init4         0x00000736       0x10 c:/program files (x86)/atmel/studio/7.0/toolchain/avr8/avr8-gnu-toolchain/bin/../lib/gcc/avr/5.4.0/avr5\libgcc.a(_clear_bss.o)
                0x00000736                __do_clear_bss
 *(.init4)
 *(.init5)
 *(.init5)
 *(.init6)
 *(.init6)
 *(.init7)
 *(.init7)
 *(.init8)
 *(.init8)
 *(.init9)
 .init9         0x00000746        0x8 C:/Program Files (x86)/Atmel/Studio/7.0/Packs/atmel/ATmega_DFP/1.3.300/gcc/dev/atmega328pb/avr5/crtatmega328pb.o
 *(.init9)
 *(.text)
 .text          0x0000074e        0x4 C:/Program Files (x86)/Atmel/Studio/7.0/Packs/atmel/ATmega_DFP/1.3.300/gcc/dev/atmega328pb/avr5/crtatmega328pb.o
                0x0000074e                __vector_38
                0x0000074e                __vector_22
                0x0000074e                __vector_28
                0x0000074e                __vector_1
                0x0000074e                __vector_32
                0x0000074e                __vector_34
                0x0000074e                __vector_24
                0x0000074e                __vector_12
                0x0000074e                __bad_interrupt
                0x0000074e                __vector_6
                0x0000074e                __vector_31
                0x0000074e                __vector_35
                0x0000074e                __vector_39
                0x0000074e                __vector_3
                0x0000074e                __vector_23
                0x0000074e                __vector_30
                0x0000074e                __vector_25
                0x0000074e                __vector_13
                0x0000074e                __vector_17
                0x0000074e                __vector_19
                0x0000074e                __vector_7
                0x0000074e                __vector_41
                0x0000074e                __vector_43
                0x0000074e                __vector_27
                0x0000074e                __vector_5
                0x0000074e                __vector_33
                0x0000074e                __vector_37
                0x0000074e                __vector_4
                0x0000074e                __vector_44
                0x0000074e                __vector_9
                0x0000074e                __vector_2
                0x0000074e                __vector_21
                0x0000074e                __vector_15
                0x0000074e                __vector_36
                0x0000074e                __vector_29
                0x0000074e                __vector_40
                0x0000074e                __vector_8
                0x0000074e                __vector_26
                0x0000074e                __vector_14
                0x0000074e                __vector_10
                0x0000074e                __vector_16
                0x0000074e                __vector_20
                0x0000074e                __vector_42
                0x00000752                . = ALIGN (0x2)
 *(.text.*)
 .text.FindString
                0x00000752       0xe8 Buffer.o
                0x00000752                FindString
 .text.ClearBuffer
                0x0000083a       0x7e Buffer.o
                0x0000083a                ClearBuffer
 .text.AT_check
                0x000008b8       0x18 ESP8266_ATCOMMANDS/AT_commands_ESP8266.o
                0x000008b8                AT_check
 .text.AT_wificonnect
                0x000008d0       0x66 ESP8266_ATCOMMANDS/AT_commands_ESP8266.o
                0x000008d0                AT_wificonnect
 .text.AT_mqtt_userconf
                0x00000936       0xa2 ESP8266_ATCOMMANDS/AT_commands_ESP8266.o
                0x00000936                AT_mqtt_userconf
 .text.AT_mqtt_connection
                0x000009d8       0x40 ESP8266_ATCOMMANDS/AT_commands_ESP8266.o
                0x000009d8                AT_mqtt_connection
 .text.AT_mqtt_publish
                0x00000a18       0x68 ESP8266_ATCOMMANDS/AT_commands_ESP8266.o
                0x00000a18                AT_mqtt_publish
 .text.AT_mqtt_subscribe
                0x00000a80       0x40 ESP8266_ATCOMMANDS/AT_commands_ESP8266.o
                0x00000a80                AT_mqtt_subscribe
 .text.i2c_init
                0x00000ac0       0x1a HAL_AVR/I2C.o
                0x00000ac0                i2c_init
 .text.i2c_start
                0x00000ada       0x8e HAL_AVR/I2C.o
                0x00000ada                i2c_start
 .text.i2c_write
                0x00000b68       0x50 HAL_AVR/I2C.o
                0x00000b68                i2c_write
 .text.i2c_read_ack
                0x00000bb8       0x2e HAL_AVR/I2C.o
                0x00000bb8                i2c_read_ack
 .text.i2c_read_nack
                0x00000be6       0x2e HAL_AVR/I2C.o
                0x00000be6                i2c_read_nack
 .text.i2c_writeReg
                0x00000c14       0x86 HAL_AVR/I2C.o
                0x00000c14                i2c_writeReg
 .text.i2c_readReg
                0x00000c9a       0xb6 HAL_AVR/I2C.o
                0x00000c9a                i2c_readReg
 .text.i2c_stop
                0x00000d50       0x1a HAL_AVR/I2C.o
                0x00000d50                i2c_stop
 .text.spi_init
                0x00000d6a      0x128 HAL_AVR/SPI.o
                0x00000d6a                spi_init
 .text.spi_send
                0x00000e92       0x3a HAL_AVR/SPI.o
                0x00000e92                spi_send
 .text.init_TC1
                0x00000ecc       0x3e HAL_AVR/TC1.o
                0x00000ecc                init_TC1
 .text.__vector_11
                0x00000f0a       0x8c HAL_AVR/TC1.o
                0x00000f0a                __vector_11
 .text.init_UART
                0x00000f96       0xb6 HAL_AVR/UART.o
                0x00000f96                init_UART
 .text.putc_UART
                0x0000104c       0x36 HAL_AVR/UART.o
                0x0000104c                putc_UART
 .text.puts_UART
                0x00001082       0x3e HAL_AVR/UART.o
                0x00001082                puts_UART
 .text.__vector_18
                0x000010c0       0xa8 HAL_AVR/UART.o
                0x000010c0                __vector_18
 .text.showsetpoint
                0x00001168       0x90 HAL_BMP280/app_BMP280.o
                0x00001168                showsetpoint
 .text.showtemperature
                0x000011f8       0xa0 HAL_BMP280/app_BMP280.o
                0x000011f8                showtemperature
 .text.showsensorerror
                0x00001298       0x32 HAL_BMP280/app_BMP280.o
                0x00001298                showsensorerror
 .text.comparetemperature
                0x000012ca       0xc0 HAL_BMP280/app_BMP280.o
                0x000012ca                comparetemperature
 .text.readsensor
                0x0000138a       0x42 HAL_BMP280/app_BMP280.o
                0x0000138a                readsensor
 .text.bmp2_init
                0x000013cc       0x74 HAL_BMP280/bmp2.o
                0x000013cc                bmp2_init
 .text.bmp2_get_regs
                0x00001440       0xc2 HAL_BMP280/bmp2.o
                0x00001440                bmp2_get_regs
 .text.bmp2_set_regs
                0x00001502      0x1ca HAL_BMP280/bmp2.o
                0x00001502                bmp2_set_regs
 .text.bmp2_soft_reset
                0x000016cc       0x52 HAL_BMP280/bmp2.o
                0x000016cc                bmp2_soft_reset
 .text.bmp2_get_config
                0x0000171e       0xd8 HAL_BMP280/bmp2.o
                0x0000171e                bmp2_get_config
 .text.bmp2_set_config
                0x000017f6       0x34 HAL_BMP280/bmp2.o
                0x000017f6                bmp2_set_config
 .text.bmp2_get_status
                0x0000182a       0x90 HAL_BMP280/bmp2.o
                0x0000182a                bmp2_get_status
 .text.bmp2_set_power_mode
                0x000018ba       0x40 HAL_BMP280/bmp2.o
                0x000018ba                bmp2_set_power_mode
 .text.bmp2_get_sensor_data
                0x000018fa       0xb4 HAL_BMP280/bmp2.o
                0x000018fa                bmp2_get_sensor_data
 .text.bmp2_compensate_data
                0x000019ae       0xa6 HAL_BMP280/bmp2.o
                0x000019ae                bmp2_compensate_data
 .text.bmp2_compute_meas_time
                0x00001a54      0x12a HAL_BMP280/bmp2.o
                0x00001a54                bmp2_compute_meas_time
 .text.null_ptr_check
                0x00001b7e       0x58 HAL_BMP280/bmp2.o
 .text.interleave_data
                0x00001bd6       0xd0 HAL_BMP280/bmp2.o
 .text.get_calib_param
                0x00001ca6      0x1f0 HAL_BMP280/bmp2.o
 .text.conf_sensor
                0x00001e96      0x154 HAL_BMP280/bmp2.o
 .text.set_os_mode
                0x00001fea      0x13e HAL_BMP280/bmp2.o
 .text.parse_sensor_data
                0x00002128      0x1cc HAL_BMP280/bmp2.o
 .text.compensate_temperature
                0x000022f4      0x308 HAL_BMP280/bmp2.o
 .text.compensate_pressure
                0x000025fc      0x53a HAL_BMP280/bmp2.o
 .text.st_check_boundaries
                0x00002b36      0x102 HAL_BMP280/bmp2.o
 .text.bmp2_i2c_read
                0x00002c38       0x62 HAL_BMP280/HAL_BMP280.o
                0x00002c38                bmp2_i2c_read
 .text.bmp2_i2c_write
                0x00002c9a       0x62 HAL_BMP280/HAL_BMP280.o
                0x00002c9a                bmp2_i2c_write
 .text.bmp2_delay_us
                0x00002cfc       0x6e HAL_BMP280/HAL_BMP280.o
                0x00002cfc                bmp2_delay_us
 .text.get_data
                0x00002d6a       0x80 HAL_BMP280/HAL_BMP280.o
                0x00002d6a                get_data
 .text.BMP280_init
                0x00002dea       0xb0 HAL_BMP280/HAL_BMP280.o
                0x00002dea                BMP280_init
 .text.ProcessLCD
                0x00002e9a       0x60 HAL_LCD/SSD1306.o
                0x00002e9a                ProcessLCD
 .text.SSD1306_sendCommandI2C
                0x00002efa       0x30 HAL_LCD/SSD1306.o
                0x00002efa                SSD1306_sendCommandI2C
 .text.SSD1306_UpdateLCDI2C
                0x00002f2a       0xd4 HAL_LCD/SSD1306.o
                0x00002f2a                SSD1306_UpdateLCDI2C
 .text.SSD1306_InitSPI
                0x00002ffe       0xd0 HAL_LCD/SSD1306.o
                0x00002ffe                SSD1306_InitSPI
 .text.SSD1306_UpdateLCDSPI
                0x000030ce       0xc8 HAL_LCD/SSD1306.o
                0x000030ce                SSD1306_UpdateLCDSPI
 .text.SSD1306_clear
                0x00003196       0x56 HAL_LCD/SSD1306.o
                0x00003196                SSD1306_clear
 .text.SSD1306_putc
                0x000031ec      0x1e6 HAL_LCD/SSD1306.o
                0x000031ec                SSD1306_putc
 .text.SSD1306_puts
                0x000033d2       0x98 HAL_LCD/SSD1306.o
                0x000033d2                SSD1306_puts
 .text.init_GPIO
                0x0000346a       0x2e HAL_PLC/HAL_GPIO.o
                0x0000346a                init_GPIO
 .text.GPIO_OledReset
                0x00003498       0x96 HAL_PLC/HAL_GPIO.o
                0x00003498                GPIO_OledReset
 .text.GPIO_SetOledDC
                0x0000352e       0x50 HAL_PLC/HAL_GPIO.o
                0x0000352e                GPIO_SetOledDC
 .text.GPIO_SetOledCS
                0x0000357e       0x50 HAL_PLC/HAL_GPIO.o
                0x0000357e                GPIO_SetOledCS
 .text.setpinD  0x000035ce       0x74 HAL_PLC/HAL_GPIO.o
                0x000035ce                setpinD
 .text.setheater
                0x00003642       0x1e HAL_PLC/HAL_GPIO.o
                0x00003642                setheater
 .text.HAL_Init
                0x00003660       0x54 HAL_PLC/HAL_Init.o
                0x00003660                HAL_Init
 .text.main     0x000036b4      0x17e main.o
                0x000036b4                main
 .text.AT_statemachine
                0x00003832      0x19a statemachine.o
                0x00003832                AT_statemachine
 .text.avr-libc.fplib
                0x000039cc        0xe c:/program files (x86)/atmel/studio/7.0/toolchain/avr8/avr8-gnu-toolchain/bin/../lib/gcc/avr/5.4.0/../../../../avr/lib/avr5\libm.a(addsf3.o)
                0x000039cc                __subsf3
                0x000039ce                __addsf3
 .text.avr-libc.fplib
                0x000039da       0xcc c:/program files (x86)/atmel/studio/7.0/toolchain/avr8/avr8-gnu-toolchain/bin/../lib/gcc/avr/5.4.0/../../../../avr/lib/avr5\libm.a(addsf3x.o)
                0x000039fc                __addsf3x
 .text.avr-libc.fplib
                0x00003aa6        0xa c:/program files (x86)/atmel/studio/7.0/toolchain/avr8/avr8-gnu-toolchain/bin/../lib/gcc/avr/5.4.0/../../../../avr/lib/avr5\libm.a(cmpsf2.o)
                0x00003aa6                __nesf2
                0x00003aa6                __eqsf2
                0x00003aa6                __cmpsf2
                0x00003aa6                __ltsf2
                0x00003aa6                __lesf2
 .text.avr-libc.fplib
                0x00003ab0        0x8 c:/program files (x86)/atmel/studio/7.0/toolchain/avr8/avr8-gnu-toolchain/bin/../lib/gcc/avr/5.4.0/../../../../avr/lib/avr5\libm.a(divsf3.o)
                0x00003ab0                __divsf3
 .text.avr-libc.fplib
                0x00003ab8       0xdc c:/program files (x86)/atmel/studio/7.0/toolchain/avr8/avr8-gnu-toolchain/bin/../lib/gcc/avr/5.4.0/../../../../avr/lib/avr5\libm.a(divsf3x.o)
                0x00003ad8                __divsf3x
                0x00003ade                __divsf3_pse
 .text.avr-libc.fplib
                0x00003b94        0xe c:/program files (x86)/atmel/studio/7.0/toolchain/avr8/avr8-gnu-toolchain/bin/../lib/gcc/avr/5.4.0/../../../../avr/lib/avr5\libm.a(fixsfsi.o)
                0x00003b94                __fixsfsi
 .text.avr-libc.fplib
                0x00003ba2       0x5e c:/program files (x86)/atmel/studio/7.0/toolchain/avr8/avr8-gnu-toolchain/bin/../lib/gcc/avr/5.4.0/../../../../avr/lib/avr5\libm.a(fixunssfsi.o)
                0x00003ba2                __fixunssfsi
 .text.avr-libc.fplib
                0x00003c00       0x7a c:/program files (x86)/atmel/studio/7.0/toolchain/avr8/avr8-gnu-toolchain/bin/../lib/gcc/avr/5.4.0/../../../../avr/lib/avr5\libm.a(floatsisf.o)
                0x00003c00                __floatunsisf
                0x00003c04                __floatsisf
 .text.avr-libc.fplib
                0x00003c7a       0x48 c:/program files (x86)/atmel/studio/7.0/toolchain/avr8/avr8-gnu-toolchain/bin/../lib/gcc/avr/5.4.0/../../../../avr/lib/avr5\libm.a(fp_cmp.o)
                0x00003c7a                __fp_cmp
 .text.avr-libc.fplib
                0x00003cc2        0xc c:/program files (x86)/atmel/studio/7.0/toolchain/avr8/avr8-gnu-toolchain/bin/../lib/gcc/avr/5.4.0/../../../../avr/lib/avr5\libm.a(fp_inf.o)
                0x00003cc2                __fp_inf
 .text.avr-libc.fplib
                0x00003cce        0x6 c:/program files (x86)/atmel/studio/7.0/toolchain/avr8/avr8-gnu-toolchain/bin/../lib/gcc/avr/5.4.0/../../../../avr/lib/avr5\libm.a(fp_nan.o)
                0x00003cce                __fp_nan
 .text.avr-libc.fplib
                0x00003cd4        0xe c:/program files (x86)/atmel/studio/7.0/toolchain/avr8/avr8-gnu-toolchain/bin/../lib/gcc/avr/5.4.0/../../../../avr/lib/avr5\libm.a(fp_pscA.o)
                0x00003cd4                __fp_pscA
 .text.avr-libc.fplib
                0x00003ce2        0xe c:/program files (x86)/atmel/studio/7.0/toolchain/avr8/avr8-gnu-toolchain/bin/../lib/gcc/avr/5.4.0/../../../../avr/lib/avr5\libm.a(fp_pscB.o)
                0x00003ce2                __fp_pscB
 .text.avr-libc.fplib
                0x00003cf0       0x22 c:/program files (x86)/atmel/studio/7.0/toolchain/avr8/avr8-gnu-toolchain/bin/../lib/gcc/avr/5.4.0/../../../../avr/lib/avr5\libm.a(fp_round.o)
                0x00003cf0                __fp_round
 .text.avr-libc.fplib
                0x00003d12       0x44 c:/program files (x86)/atmel/studio/7.0/toolchain/avr8/avr8-gnu-toolchain/bin/../lib/gcc/avr/5.4.0/../../../../avr/lib/avr5\libm.a(fp_split3.o)
                0x00003d12                __fp_split3
                0x00003d22                __fp_splitA
 .text.avr-libc.fplib
                0x00003d56        0xe c:/program files (x86)/atmel/studio/7.0/toolchain/avr8/avr8-gnu-toolchain/bin/../lib/gcc/avr/5.4.0/../../../../avr/lib/avr5\libm.a(fp_zero.o)
                0x00003d56                __fp_zero
                0x00003d58                __fp_szero
 .text.avr-libc.fplib
                0x00003d64        0xa c:/program files (x86)/atmel/studio/7.0/toolchain/avr8/avr8-gnu-toolchain/bin/../lib/gcc/avr/5.4.0/../../../../avr/lib/avr5\libm.a(gesf2.o)
                0x00003d64                __gesf2
                0x00003d64                __gtsf2
 .text.avr-libc.fplib
                0x00003d6e        0x8 c:/program files (x86)/atmel/studio/7.0/toolchain/avr8/avr8-gnu-toolchain/bin/../lib/gcc/avr/5.4.0/../../../../avr/lib/avr5\libm.a(mulsf3.o)
                0x00003d6e                __mulsf3
 .text.avr-libc.fplib
                0x00003d76       0xd2 c:/program files (x86)/atmel/studio/7.0/toolchain/avr8/avr8-gnu-toolchain/bin/../lib/gcc/avr/5.4.0/../../../../avr/lib/avr5\libm.a(mulsf3x.o)
                0x00003d94                __mulsf3x
                0x00003d9a                __mulsf3_pse
 .text.avr-libc
                0x00003e48      0x6fa c:/program files (x86)/atmel/studio/7.0/toolchain/avr8/avr8-gnu-toolchain/bin/../lib/gcc/avr/5.4.0/../../../../avr/lib/avr5\libprintf_flt.a(vfprintf_flt.o)
                0x00003e48                vfprintf
 .text.libgcc   0x00004542        0xc c:/program files (x86)/atmel/studio/7.0/toolchain/avr8/avr8-gnu-toolchain/bin/../lib/gcc/avr/5.4.0/avr5\libgcc.a(_tablejump2.o)
                0x00004542                __tablejump2__
 .text.libgcc.prologue
                0x0000454e       0x38 c:/program files (x86)/atmel/studio/7.0/toolchain/avr8/avr8-gnu-toolchain/bin/../lib/gcc/avr/5.4.0/avr5\libgcc.a(_prologue.o)
                0x0000454e                __prologue_saves__
 .text.libgcc.prologue
                0x00004586       0x36 c:/program files (x86)/atmel/studio/7.0/toolchain/avr8/avr8-gnu-toolchain/bin/../lib/gcc/avr/5.4.0/avr5\libgcc.a(_epilogue.o)
                0x00004586                __epilogue_restores__
 .text.avr-libc
                0x000045bc      0x1b0 c:/program files (x86)/atmel/studio/7.0/toolchain/avr8/avr8-gnu-toolchain/bin/../lib/gcc/avr/5.4.0/../../../../avr/lib/avr5\libc.a(ftoa_engine.o)
                0x000045bc                __ftoa_engine
 .text.avr-libc
                0x0000476c       0x16 c:/program files (x86)/atmel/studio/7.0/toolchain/avr8/avr8-gnu-toolchain/bin/../lib/gcc/avr/5.4.0/../../../../avr/lib/avr5\libc.a(strnlen_P.o)
                0x0000476c                strnlen_P
 .text.avr-libc
                0x00004782       0x16 c:/program files (x86)/atmel/studio/7.0/toolchain/avr8/avr8-gnu-toolchain/bin/../lib/gcc/avr/5.4.0/../../../../avr/lib/avr5\libc.a(strnlen.o)
                0x00004782                strnlen
 .text.avr-libc
                0x00004798       0x78 c:/program files (x86)/atmel/studio/7.0/toolchain/avr8/avr8-gnu-toolchain/bin/../lib/gcc/avr/5.4.0/../../../../avr/lib/avr5\libc.a(fputc.o)
                0x00004798                fputc
 .text.avr-libc
                0x00004810       0x44 c:/program files (x86)/atmel/studio/7.0/toolchain/avr8/avr8-gnu-toolchain/bin/../lib/gcc/avr/5.4.0/../../../../avr/lib/avr5\libc.a(sprintf.o)
                0x00004810                sprintf
 .text.avr-libc
                0x00004854       0xbc c:/program files (x86)/atmel/studio/7.0/toolchain/avr8/avr8-gnu-toolchain/bin/../lib/gcc/avr/5.4.0/../../../../avr/lib/avr5\libc.a(ultoa_invert.o)
                0x00004854                __ultoa_invert
                0x00004910                . = ALIGN (0x2)
 *(.fini9)
 .fini9         0x00004910        0x0 c:/program files (x86)/atmel/studio/7.0/toolchain/avr8/avr8-gnu-toolchain/bin/../lib/gcc/avr/5.4.0/avr5\libgcc.a(_exit.o)
                0x00004910                _exit
                0x00004910                exit
 *(.fini9)
 *(.fini8)
 *(.fini8)
 *(.fini7)
 *(.fini7)
 *(.fini6)
 *(.fini6)
 *(.fini5)
 *(.fini5)
 *(.fini4)
 *(.fini4)
 *(.fini3)
 *(.fini3)
 *(.fini2)
 *(.fini2)
 *(.fini1)
 *(.fini1)
 *(.fini0)
 .fini0         0x00004910        0x4 c:/program files (x86)/atmel/studio/7.0/toolchain/avr8/avr8-gnu-toolchain/bin/../lib/gcc/avr/5.4.0/avr5\libgcc.a(_exit.o)
 *(.fini0)
                0x00004914                _etext = .

.data           0x00800100      0x166 load address 0x00004914
                0x00800100                PROVIDE (__data_start, .)
 *(.data)
 *(.data*)
 .data.g_AT_State
                0x00800100        0x1 statemachine.o
                0x00800100                g_AT_State
 *(.gnu.linkonce.d*)
 *(.rodata)
 .rodata        0x00800101       0x6f ESP8266_ATCOMMANDS/AT_commands_ESP8266.o
 .rodata        0x00800170       0x5f HAL_BMP280/app_BMP280.o
 .rodata        0x008001cf       0x34 HAL_BMP280/bmp2.o
 .rodata        0x00800203       0x1e main.o
 .rodata        0x00800221       0x45 statemachine.o
 *(.rodata*)
 *(.gnu.linkonce.r*)
                0x00800266                . = ALIGN (0x2)
                0x00800266                _edata = .
                0x00800266                PROVIDE (__data_end, .)

.bss            0x00800266      0x50e
                0x00800266                PROVIDE (__bss_start, .)
 *(.bss)
 *(.bss*)
 .bss.g_TickSensor
                0x00800266        0x1 HAL_AVR/TC1.o
                0x00800266                g_TickSensor
 .bss.g_TickSetpoint
                0x00800267        0x1 HAL_AVR/TC1.o
                0x00800267                g_TickSetpoint
 .bss.g_TickStatemachine
                0x00800268        0x2 HAL_AVR/TC1.o
                0x00800268                g_TickStatemachine
 .bss.g_LcdUpdateTimer
                0x0080026a        0x1 HAL_AVR/TC1.o
                0x0080026a                g_LcdUpdateTimer
 .bss.g_DemoTimer
                0x0080026b        0x2 HAL_AVR/TC1.o
                0x0080026b                g_DemoTimer
 .bss.g_CheckSubRecv
                0x0080026d        0x1 HAL_AVR/TC1.o
                0x0080026d                g_CheckSubRecv
 .bss.dev_addr  0x0080026e        0x1 HAL_BMP280/HAL_BMP280.o
 .bss.g_tickTimeOut
                0x0080026f        0x1 statemachine.o
                0x0080026f                g_tickTimeOut
 *(COMMON)
 COMMON         0x00800270       0x6a Buffer.o
                0x00800270                UART_RxBuffer
 COMMON         0x008002da       0x58 ESP8266_ATCOMMANDS/AT_commands_ESP8266.o
                0x008002da                str_AT_mqtt
                0x0080031b                str_AT_wifi
 COMMON         0x00800332       0x3e HAL_BMP280/HAL_BMP280.o
                0x00800332                conf
                0x00800338                dev
                0x00800361                rslt
                0x00800362                comp_data
                0x0080036c                meas_time
 COMMON         0x00800370      0x401 HAL_LCD/SSD1306.o
                0x00800370                SSD1306FrameBuffer1
 COMMON         0x00800771        0x2 main.o
                0x00800771                g_SubRecvIndex
 COMMON         0x00800773        0x1 statemachine.o
                0x00800773                g_AT_NextState
                0x00800774                PROVIDE (__bss_end, .)
                0x00004914                __data_load_start = LOADADDR (.data)
                0x00004a7a                __data_load_end = (__data_load_start + SIZEOF (.data))

.noinit         0x00800774        0x0
                [!provide]                PROVIDE (__noinit_start, .)
 *(.noinit*)
                [!provide]                PROVIDE (__noinit_end, .)
                0x00800774                _end = .
                [!provide]                PROVIDE (__heap_start, .)

.eeprom         0x00810000        0x0
 *(.eeprom*)
                0x00810000                __eeprom_end = .

.fuse
 *(.fuse)
 *(.lfuse)
 *(.hfuse)
 *(.efuse)

.lock
 *(.lock*)

.signature
 *(.signature*)

.user_signatures
 *(.user_signatures*)

.stab
 *(.stab)

.stabstr
 *(.stabstr)

.stab.excl
 *(.stab.excl)

.stab.exclstr
 *(.stab.exclstr)

.stab.index
 *(.stab.index)

.stab.indexstr
 *(.stab.indexstr)

.comment        0x00000000       0x5c
 *(.comment)
 .comment       0x00000000       0x30 Buffer.o
                                 0x31 (size before relaxing)
 .comment       0x00000030       0x31 ESP8266_ATCOMMANDS/AT_commands_ESP8266.o
 .comment       0x00000030       0x31 HAL_AVR/I2C.o
 .comment       0x00000030       0x31 HAL_AVR/SPI.o
 .comment       0x00000030       0x31 HAL_AVR/TC1.o
 .comment       0x00000030       0x31 HAL_AVR/UART.o
 .comment       0x00000030       0x31 HAL_BMP280/app_BMP280.o
 .comment       0x00000030       0x31 HAL_BMP280/bmp2.o
 .comment       0x00000030       0x31 HAL_BMP280/HAL_BMP280.o
 .comment       0x00000030       0x31 HAL_LCD/SSD1306.o
 .comment       0x00000030       0x31 HAL_PLC/HAL_GPIO.o
 .comment       0x00000030       0x31 HAL_PLC/HAL_Init.o
 .comment       0x00000030       0x31 main.o
 .comment       0x00000030       0x31 statemachine.o
 .comment       0x00000030       0x2c c:/program files (x86)/atmel/studio/7.0/toolchain/avr8/avr8-gnu-toolchain/bin/../lib/gcc/avr/5.4.0/../../../../avr/lib/avr5\libprintf_flt.a(vfprintf_flt.o)
                                 0x2d (size before relaxing)
 .comment       0x0000005c       0x31 c:/program files (x86)/atmel/studio/7.0/toolchain/avr8/avr8-gnu-toolchain/bin/../lib/gcc/avr/5.4.0/../../../../avr/lib/avr5\libc.a(fputc.o)
 .comment       0x0000005c       0x31 c:/program files (x86)/atmel/studio/7.0/toolchain/avr8/avr8-gnu-toolchain/bin/../lib/gcc/avr/5.4.0/../../../../avr/lib/avr5\libc.a(sprintf.o)

.note.gnu.avr.deviceinfo
                0x00000000       0x40
 .note.gnu.avr.deviceinfo
                0x00000000       0x40 C:/Program Files (x86)/Atmel/Studio/7.0/Packs/atmel/ATmega_DFP/1.3.300/gcc/dev/atmega328pb/avr5/crtatmega328pb.o

.note.gnu.build-id
 *(.note.gnu.build-id)

.debug
 *(.debug)

.line
 *(.line)

.debug_srcinfo
 *(.debug_srcinfo)

.debug_sfnames
 *(.debug_sfnames)

.debug_aranges  0x00000000      0x3d8
 *(.debug_aranges)
 .debug_aranges
                0x00000000       0x28 Buffer.o
 .debug_aranges
                0x00000028       0x48 ESP8266_ATCOMMANDS/AT_commands_ESP8266.o
 .debug_aranges
                0x00000070       0x68 HAL_AVR/I2C.o
 .debug_aranges
                0x000000d8       0x28 HAL_AVR/SPI.o
 .debug_aranges
                0x00000100       0x28 HAL_AVR/TC1.o
 .debug_aranges
                0x00000128       0x40 HAL_AVR/UART.o
 .debug_aranges
                0x00000168       0x40 HAL_BMP280/app_BMP280.o
 .debug_aranges
                0x000001a8       0xc0 HAL_BMP280/bmp2.o
 .debug_aranges
                0x00000268       0x40 HAL_BMP280/HAL_BMP280.o
 .debug_aranges
                0x000002a8       0x88 HAL_LCD/SSD1306.o
 .debug_aranges
                0x00000330       0x48 HAL_PLC/HAL_GPIO.o
 .debug_aranges
                0x00000378       0x20 HAL_PLC/HAL_Init.o
 .debug_aranges
                0x00000398       0x20 main.o
 .debug_aranges
                0x000003b8       0x20 statemachine.o

.debug_pubnames
 *(.debug_pubnames)

.debug_info     0x00000000     0x3ae9
 *(.debug_info .gnu.linkonce.wi.*)
 .debug_info    0x00000000      0x8ea C:/Program Files (x86)/Atmel/Studio/7.0/Packs/atmel/ATmega_DFP/1.3.300/gcc/dev/atmega328pb/avr5/crtatmega328pb.o
 .debug_info    0x000008ea      0x1c4 Buffer.o
 .debug_info    0x00000aae      0x2b5 ESP8266_ATCOMMANDS/AT_commands_ESP8266.o
 .debug_info    0x00000d63      0x2e2 HAL_AVR/I2C.o
 .debug_info    0x00001045      0x1a2 HAL_AVR/SPI.o
 .debug_info    0x000011e7      0x131 HAL_AVR/TC1.o
 .debug_info    0x00001318      0x1f0 HAL_AVR/UART.o
 .debug_info    0x00001508      0x518 HAL_BMP280/app_BMP280.o
 .debug_info    0x00001a20      0xc75 HAL_BMP280/bmp2.o
 .debug_info    0x00002695      0x5af HAL_BMP280/HAL_BMP280.o
 .debug_info    0x00002c44      0x75c HAL_LCD/SSD1306.o
 .debug_info    0x000033a0      0x172 HAL_PLC/HAL_GPIO.o
 .debug_info    0x00003512       0x89 HAL_PLC/HAL_Init.o
 .debug_info    0x0000359b      0x297 main.o
 .debug_info    0x00003832      0x2b7 statemachine.o

.debug_abbrev   0x00000000     0x1677
 *(.debug_abbrev)
 .debug_abbrev  0x00000000      0x86e C:/Program Files (x86)/Atmel/Studio/7.0/Packs/atmel/ATmega_DFP/1.3.300/gcc/dev/atmega328pb/avr5/crtatmega328pb.o
 .debug_abbrev  0x0000086e       0xf7 Buffer.o
 .debug_abbrev  0x00000965       0xc9 ESP8266_ATCOMMANDS/AT_commands_ESP8266.o
 .debug_abbrev  0x00000a2e       0xe5 HAL_AVR/I2C.o
 .debug_abbrev  0x00000b13       0xa8 HAL_AVR/SPI.o
 .debug_abbrev  0x00000bbb       0x95 HAL_AVR/TC1.o
 .debug_abbrev  0x00000c50      0x10d HAL_AVR/UART.o
 .debug_abbrev  0x00000d5d      0x1a3 HAL_BMP280/app_BMP280.o
 .debug_abbrev  0x00000f00      0x1ca HAL_BMP280/bmp2.o
 .debug_abbrev  0x000010ca      0x168 HAL_BMP280/HAL_BMP280.o
 .debug_abbrev  0x00001232      0x1a0 HAL_LCD/SSD1306.o
 .debug_abbrev  0x000013d2       0x93 HAL_PLC/HAL_GPIO.o
 .debug_abbrev  0x00001465       0x45 HAL_PLC/HAL_Init.o
 .debug_abbrev  0x000014aa       0xdc main.o
 .debug_abbrev  0x00001586       0xf1 statemachine.o

.debug_line     0x00000000     0x4498
 *(.debug_line .debug_line.* .debug_line_end)
 .debug_line    0x00000000      0x1a5 C:/Program Files (x86)/Atmel/Studio/7.0/Packs/atmel/ATmega_DFP/1.3.300/gcc/dev/atmega328pb/avr5/crtatmega328pb.o
 .debug_line    0x000001a5      0x31c Buffer.o
 .debug_line    0x000004c1      0x493 ESP8266_ATCOMMANDS/AT_commands_ESP8266.o
 .debug_line    0x00000954      0x59e HAL_AVR/I2C.o
 .debug_line    0x00000ef2      0x2b6 HAL_AVR/SPI.o
 .debug_line    0x000011a8      0x2a0 HAL_AVR/TC1.o
 .debug_line    0x00001448      0x3d5 HAL_AVR/UART.o
 .debug_line    0x0000181d      0x402 HAL_BMP280/app_BMP280.o
 .debug_line    0x00001c1f      0x94e HAL_BMP280/bmp2.o
 .debug_line    0x0000256d      0x42c HAL_BMP280/HAL_BMP280.o
 .debug_line    0x00002999      0xab2 HAL_LCD/SSD1306.o
 .debug_line    0x0000344b      0x3f8 HAL_PLC/HAL_GPIO.o
 .debug_line    0x00003843      0x3c7 HAL_PLC/HAL_Init.o
 .debug_line    0x00003c0a      0x40a main.o
 .debug_line    0x00004014      0x484 statemachine.o

.debug_frame    0x00000000      0xd04
 *(.debug_frame)
 .debug_frame   0x00000000       0x54 Buffer.o
 .debug_frame   0x00000054       0xd4 ESP8266_ATCOMMANDS/AT_commands_ESP8266.o
 .debug_frame   0x00000128      0x16c HAL_AVR/I2C.o
 .debug_frame   0x00000294       0x5c HAL_AVR/SPI.o
 .debug_frame   0x000002f0       0x70 HAL_AVR/TC1.o
 .debug_frame   0x00000360       0xdc HAL_AVR/UART.o
 .debug_frame   0x0000043c      0x100 HAL_BMP280/app_BMP280.o
 .debug_frame   0x0000053c      0x378 HAL_BMP280/bmp2.o
 .debug_frame   0x000008b4       0xd8 HAL_BMP280/HAL_BMP280.o
 .debug_frame   0x0000098c      0x204 HAL_LCD/SSD1306.o
 .debug_frame   0x00000b90       0xd4 HAL_PLC/HAL_GPIO.o
 .debug_frame   0x00000c64       0x38 HAL_PLC/HAL_Init.o
 .debug_frame   0x00000c9c       0x34 main.o
 .debug_frame   0x00000cd0       0x34 statemachine.o

.debug_str      0x00000000     0xc48a
 *(.debug_str)
 .debug_str     0x00000000      0x318 C:/Program Files (x86)/Atmel/Studio/7.0/Packs/atmel/ATmega_DFP/1.3.300/gcc/dev/atmega328pb/avr5/crtatmega328pb.o
 .debug_str     0x00000318     0x7110 Buffer.o
                               0x71df (size before relaxing)
 .debug_str     0x00007428     0x1e69 ESP8266_ATCOMMANDS/AT_commands_ESP8266.o
                               0x9006 (size before relaxing)
 .debug_str     0x00009291      0x467 HAL_AVR/I2C.o
                               0x746a (size before relaxing)
 .debug_str     0x000096f8      0x136 HAL_AVR/SPI.o
                               0x71b1 (size before relaxing)
 .debug_str     0x0000982e      0x3f5 HAL_AVR/TC1.o
                               0x7475 (size before relaxing)
 .debug_str     0x00009c23       0xcc HAL_AVR/UART.o
                               0x75c6 (size before relaxing)
 .debug_str     0x00009cef      0xa5f HAL_BMP280/app_BMP280.o
                               0x983b (size before relaxing)
 .debug_str     0x0000a74e      0x274 HAL_BMP280/bmp2.o
                               0x52a2 (size before relaxing)
 .debug_str     0x0000a9c2      0x430 HAL_BMP280/HAL_BMP280.o
                               0x95af (size before relaxing)
 .debug_str     0x0000adf2     0x1404 HAL_LCD/SSD1306.o
                               0x9836 (size before relaxing)
 .debug_str     0x0000c1f6       0x7b HAL_PLC/HAL_GPIO.o
                               0x7857 (size before relaxing)
 .debug_str     0x0000c271       0x1f HAL_PLC/HAL_Init.o
                               0x9928 (size before relaxing)
 .debug_str     0x0000c290      0x1a7 main.o
                               0x9a99 (size before relaxing)
 .debug_str     0x0000c437       0x53 statemachine.o
                               0x990a (size before relaxing)

.debug_loc      0x00000000     0x1a2c
 *(.debug_loc)
 .debug_loc     0x00000000       0x8f Buffer.o
 .debug_loc     0x0000008f      0x1a3 ESP8266_ATCOMMANDS/AT_commands_ESP8266.o
 .debug_loc     0x00000232      0x2cc HAL_AVR/I2C.o
 .debug_loc     0x000004fe       0x9d HAL_AVR/SPI.o
 .debug_loc     0x0000059b       0xd1 HAL_AVR/TC1.o
 .debug_loc     0x0000066c      0x1c3 HAL_AVR/UART.o
 .debug_loc     0x0000082f      0x20f HAL_BMP280/app_BMP280.o
 .debug_loc     0x00000a3e      0x7a2 HAL_BMP280/bmp2.o
 .debug_loc     0x000011e0      0x1a5 HAL_BMP280/HAL_BMP280.o
 .debug_loc     0x00001385      0x446 HAL_LCD/SSD1306.o
 .debug_loc     0x000017cb      0x1a3 HAL_PLC/HAL_GPIO.o
 .debug_loc     0x0000196e       0x48 HAL_PLC/HAL_Init.o
 .debug_loc     0x000019b6       0x3b main.o
 .debug_loc     0x000019f1       0x3b statemachine.o

.debug_macinfo
 *(.debug_macinfo)

.debug_weaknames
 *(.debug_weaknames)

.debug_funcnames
 *(.debug_funcnames)

.debug_typenames
 *(.debug_typenames)

.debug_varnames
 *(.debug_varnames)

.debug_pubtypes
 *(.debug_pubtypes)

.debug_ranges   0x00000000      0x2f8
 *(.debug_ranges)
 .debug_ranges  0x00000000       0x18 Buffer.o
 .debug_ranges  0x00000018       0x38 ESP8266_ATCOMMANDS/AT_commands_ESP8266.o
 .debug_ranges  0x00000050       0x58 HAL_AVR/I2C.o
 .debug_ranges  0x000000a8       0x18 HAL_AVR/SPI.o
 .debug_ranges  0x000000c0       0x18 HAL_AVR/TC1.o
 .debug_ranges  0x000000d8       0x30 HAL_AVR/UART.o
 .debug_ranges  0x00000108       0x30 HAL_BMP280/app_BMP280.o
 .debug_ranges  0x00000138       0xb0 HAL_BMP280/bmp2.o
 .debug_ranges  0x000001e8       0x30 HAL_BMP280/HAL_BMP280.o
 .debug_ranges  0x00000218       0x78 HAL_LCD/SSD1306.o
 .debug_ranges  0x00000290       0x38 HAL_PLC/HAL_GPIO.o
 .debug_ranges  0x000002c8       0x10 HAL_PLC/HAL_Init.o
 .debug_ranges  0x000002d8       0x10 main.o
 .debug_ranges  0x000002e8       0x10 statemachine.o

.debug_macro    0x00000000     0x4e07
 *(.debug_macro)
 .debug_macro   0x00000000       0xa2 Buffer.o
 .debug_macro   0x000000a2      0xa54 Buffer.o
 .debug_macro   0x00000af6      0x1c9 Buffer.o
 .debug_macro   0x00000cbf       0x10 Buffer.o
 .debug_macro   0x00000ccf      0x302 Buffer.o
 .debug_macro   0x00000fd1       0x9e Buffer.o
 .debug_macro   0x0000106f       0x19 Buffer.o
 .debug_macro   0x00001088     0x157f Buffer.o
 .debug_macro   0x00002607      0x156 Buffer.o
 .debug_macro   0x0000275d       0xbd Buffer.o
 .debug_macro   0x0000281a       0x34 Buffer.o
 .debug_macro   0x0000284e       0x18 Buffer.o
 .debug_macro   0x00002866       0x6c Buffer.o
 .debug_macro   0x000028d2       0x58 Buffer.o
 .debug_macro   0x0000292a       0x10 Buffer.o
 .debug_macro   0x0000293a       0xeb ESP8266_ATCOMMANDS/AT_commands_ESP8266.o
 .debug_macro   0x00002a25      0x2fc ESP8266_ATCOMMANDS/AT_commands_ESP8266.o
 .debug_macro   0x00002d21       0x1c ESP8266_ATCOMMANDS/AT_commands_ESP8266.o
 .debug_macro   0x00002d3d      0x10e ESP8266_ATCOMMANDS/AT_commands_ESP8266.o
 .debug_macro   0x00002e4b       0x66 ESP8266_ATCOMMANDS/AT_commands_ESP8266.o
 .debug_macro   0x00002eb1       0x86 ESP8266_ATCOMMANDS/AT_commands_ESP8266.o
 .debug_macro   0x00002f37      0x4f0 ESP8266_ATCOMMANDS/AT_commands_ESP8266.o
 .debug_macro   0x00003427       0xb6 HAL_AVR/I2C.o
 .debug_macro   0x000034dd       0xd7 HAL_AVR/I2C.o
 .debug_macro   0x000035b4       0x16 HAL_AVR/I2C.o
 .debug_macro   0x000035ca       0xa2 HAL_AVR/SPI.o
 .debug_macro   0x0000366c       0xaa HAL_AVR/SPI.o
 .debug_macro   0x00003716       0x34 HAL_AVR/SPI.o
 .debug_macro   0x0000374a       0xa5 HAL_AVR/TC1.o
 .debug_macro   0x000037ef       0x63 HAL_AVR/TC1.o
 .debug_macro   0x00003852       0xc4 HAL_AVR/UART.o
 .debug_macro   0x00003916       0x69 HAL_AVR/UART.o
 .debug_macro   0x0000397f       0x34 HAL_AVR/UART.o
 .debug_macro   0x000039b3      0x115 HAL_BMP280/app_BMP280.o
 .debug_macro   0x00003ac8       0x58 HAL_BMP280/app_BMP280.o
 .debug_macro   0x00003b20       0x10 HAL_BMP280/app_BMP280.o
 .debug_macro   0x00003b30       0x97 HAL_BMP280/app_BMP280.o
 .debug_macro   0x00003bc7       0xf2 HAL_BMP280/app_BMP280.o
 .debug_macro   0x00003cb9       0xe8 HAL_BMP280/app_BMP280.o
 .debug_macro   0x00003da1       0xf6 HAL_BMP280/app_BMP280.o
 .debug_macro   0x00003e97       0x1c HAL_BMP280/app_BMP280.o
 .debug_macro   0x00003eb3       0x46 HAL_BMP280/bmp2.o
 .debug_macro   0x00003ef9      0x16d HAL_BMP280/bmp2.o
 .debug_macro   0x00004066       0xe7 HAL_BMP280/HAL_BMP280.o
 .debug_macro   0x0000414d       0x10 HAL_BMP280/HAL_BMP280.o
 .debug_macro   0x0000415d      0x166 HAL_BMP280/HAL_BMP280.o
 .debug_macro   0x000042c3      0x125 HAL_LCD/SSD1306.o
 .debug_macro   0x000043e8       0x10 HAL_LCD/SSD1306.o
 .debug_macro   0x000043f8       0x89 HAL_LCD/SSD1306.o
 .debug_macro   0x00004481       0xee HAL_LCD/SSD1306.o
 .debug_macro   0x0000456f      0x160 HAL_LCD/SSD1306.o
 .debug_macro   0x000046cf       0x20 HAL_LCD/SSD1306.o
 .debug_macro   0x000046ef       0x97 HAL_LCD/SSD1306.o
 .debug_macro   0x00004786       0x5a HAL_LCD/SSD1306.o
 .debug_macro   0x000047e0       0xdd HAL_LCD/SSD1306.o
 .debug_macro   0x000048bd       0x3a HAL_LCD/SSD1306.o
 .debug_macro   0x000048f7       0xbb HAL_PLC/HAL_GPIO.o
 .debug_macro   0x000049b2      0x12d HAL_PLC/HAL_Init.o
 .debug_macro   0x00004adf       0x60 HAL_PLC/HAL_Init.o
 .debug_macro   0x00004b3f      0x165 main.o
 .debug_macro   0x00004ca4       0x16 main.o
 .debug_macro   0x00004cba      0x14d statemachine.o
OUTPUT(FrameWork.elf elf32-avr)
LOAD linker stubs
